
Memory Configuration

Name             Origin             Length             Attributes
RAM              0x20000000         0x00020000         xrw
FLASH            0x08000000         0x00100000         xr
*default*        0x00000000         0xffffffff

Linker script and memory map


.text           0x20000000      0x2a4
                0x20000000                . = ALIGN (0x4)
 *(.main_sec)
 .main_sec      0x20000000       0x2c main.o
                0x20000000                main
 *(.text)
 .text          0x2000002c        0x0 main.o
 .text          0x2000002c      0x278 system.o
                0x200000c4                SysTick_Handler_RAM
                0x200000e0                set_ram_vt
                0x20000140                sleep
                0x20000170                port_config
                0x200001a8                clock_config

.glue_7         0x200002a4        0x0
 .glue_7        0x200002a4        0x0 linker stubs

.glue_7t        0x200002a4        0x0
 .glue_7t       0x200002a4        0x0 linker stubs

.vfp11_veneer   0x200002a4        0x0
 .vfp11_veneer  0x200002a4        0x0 linker stubs

.v4_bx          0x200002a4        0x0
 .v4_bx         0x200002a4        0x0 linker stubs

.iplt           0x200002a4        0x0
 .iplt          0x200002a4        0x0 main.o

.rel.dyn        0x200002a4        0x0
 .rel.iplt      0x200002a4        0x0 main.o

.data           0x200002a4        0x0
                0x200002a4                . = ALIGN (0x4)
 *(.data)
 .data          0x200002a4        0x0 main.o
 .data          0x200002a4        0x0 system.o

.igot.plt       0x200002a4        0x0
 .igot.plt      0x200002a4        0x0 main.o

.bss            0x20000300      0x18c
                0x20000300                . = ALIGN (0x4)
 *(.bss)
 .bss           0x20000300        0x0 main.o
 .bss           0x20000300      0x18c system.o
                0x20000300                table_interrupt_vector_RAM
                0x20000488                system_time
                0x00000400                _stack_size = 0x400
                0x20020000                _stack_end = (ORIGIN (RAM) + LENGTH (RAM))
                0x2001fc00                _stack_begin = (_stack_end - _stack_size)
                0x2001fc00                . = _stack_begin

._stack         0x2000048c      0x400
                0x2000088c                . = (. + _stack_size)
 *fill*         0x2000048c      0x400 
LOAD main.o
LOAD system.o
OUTPUT(blink.elf elf32-littlearm)

.debug_info     0x00000000      0xbf2
 .debug_info    0x00000000      0x171 main.o
 .debug_info    0x00000171      0xa81 system.o

.debug_abbrev   0x00000000      0x2cb
 .debug_abbrev  0x00000000       0xb1 main.o
 .debug_abbrev  0x000000b1      0x21a system.o

.debug_aranges  0x00000000       0x40
 .debug_aranges
                0x00000000       0x20 main.o
 .debug_aranges
                0x00000020       0x20 system.o

.debug_ranges   0x00000000       0x10
 .debug_ranges  0x00000000       0x10 main.o

.debug_line     0x00000000      0x280
 .debug_line    0x00000000       0xfa main.o
 .debug_line    0x000000fa      0x186 system.o

.debug_str      0x00000000      0x910
 .debug_str     0x00000000      0x172 main.o
                                0x1ae (size before relaxing)
 .debug_str     0x00000172      0x79e system.o
                                0x94f (size before relaxing)

.comment        0x00000000       0x6e
 .comment       0x00000000       0x6e main.o
                                 0x6f (size before relaxing)
 .comment       0x0000006e       0x6f system.o

.ARM.attributes
                0x00000000       0x33
 .ARM.attributes
                0x00000000       0x33 main.o
 .ARM.attributes
                0x00000033       0x33 system.o

.debug_frame    0x00000000      0x134
 .debug_frame   0x00000000       0x2c main.o
 .debug_frame   0x0000002c      0x108 system.o
