
Memory Configuration

Name             Origin             Length             Attributes
RAM              0x20000000         0x00020000         xrw
FLASH            0x08000000         0x00100000         xr
*default*        0x00000000         0xffffffff

Linker script and memory map


.text           0x08000000      0xb38
                0x08000000                . = ALIGN (0x4)
 *(.interrupt_vector)
 .interrupt_vector
                0x08000000      0x188 startup.o
                0x08000000                table_interrupt_vector
 *(.text)
 .text          0x08000188       0x74 main.o
                0x08000188                main
 .text          0x080001fc       0x68 startup.o
                0x080001fc                Reset_Handler
                0x080001fc                handler_reset
                0x0800025c                RTC_Alarm_IRQHandler
                0x0800025c                HASH_RNG_IRQHandler
                0x0800025c                EXTI2_IRQHandler
                0x0800025c                TIM8_CC_IRQHandler
                0x0800025c                DebugMon_Handler
                0x0800025c                TIM1_CC_IRQHandler
                0x0800025c                DMA2_Stream5_IRQHandler
                0x0800025c                HardFault_Handler
                0x0800025c                DMA1_Stream5_IRQHandler
                0x0800025c                PVD_IRQHandler
                0x0800025c                SDIO_IRQHandler
                0x0800025c                TAMP_STAMP_IRQHandler
                0x0800025c                PendSV_Handler
                0x0800025c                NMI_Handler
                0x0800025c                CAN2_RX1_IRQHandler
                0x0800025c                EXTI3_IRQHandler
                0x0800025c                TIM8_TRG_COM_TIM14_IRQHandler
                0x0800025c                TIM1_UP_TIM10_IRQHandler
                0x0800025c                TIM8_UP_TIM13_IRQHandler
                0x0800025c                I2C3_ER_IRQHandler
                0x0800025c                EXTI0_IRQHandler
                0x0800025c                I2C2_EV_IRQHandler
                0x0800025c                DMA1_Stream2_IRQHandler
                0x0800025c                CAN1_RX0_IRQHandler
                0x0800025c                FPU_IRQHandler
                0x0800025c                OTG_HS_WKUP_IRQHandler
                0x0800025c                UsageFault_Handler
                0x0800025c                CAN2_SCE_IRQHandler
                0x0800025c                DMA2_Stream2_IRQHandler
                0x0800025c                SPI1_IRQHandler
                0x0800025c                TIM6_DAC_IRQHandler
                0x0800025c                TIM1_BRK_TIM9_IRQHandler
                0x0800025c                DCMI_IRQHandler
                0x0800025c                CAN2_RX0_IRQHandler
                0x0800025c                DMA2_Stream3_IRQHandler
                0x0800025c                default_handler
                0x0800025c                USART6_IRQHandler
                0x0800025c                USART3_IRQHandler
                0x0800025c                CRYP_IRQHandler
                0x0800025c                CAN1_RX1_IRQHandler
                0x0800025c                UART5_IRQHandler
                0x0800025c                DMA2_Stream0_IRQHandler
                0x0800025c                TIM4_IRQHandler
                0x0800025c                I2C1_EV_IRQHandler
                0x0800025c                DMA1_Stream6_IRQHandler
                0x0800025c                DMA1_Stream1_IRQHandler
                0x0800025c                UART4_IRQHandler
                0x0800025c                TIM3_IRQHandler
                0x0800025c                RCC_IRQHandler
                0x0800025c                TIM8_BRK_TIM12_IRQHandler
                0x0800025c                EXTI15_10_IRQHandler
                0x0800025c                ADC_IRQHandler
                0x0800025c                DMA1_Stream7_IRQHandler
                0x0800025c                TIM7_IRQHandler
                0x0800025c                CAN2_TX_IRQHandler
                0x0800025c                TIM5_IRQHandler
                0x0800025c                DMA2_Stream7_IRQHandler
                0x0800025c                I2C3_EV_IRQHandler
                0x0800025c                EXTI9_5_IRQHandler
                0x0800025c                RTC_WKUP_IRQHandler
                0x0800025c                ETH_WKUP_IRQHandler
                0x0800025c                SPI2_IRQHandler
                0x0800025c                OTG_HS_EP1_IN_IRQHandler
                0x0800025c                MemManage_Handler
                0x0800025c                DMA1_Stream0_IRQHandler
                0x0800025c                CAN1_TX_IRQHandler
                0x0800025c                SVC_Handler
                0x0800025c                EXTI4_IRQHandler
                0x0800025c                FSMC_IRQHandler
                0x0800025c                ETH_IRQHandler
                0x0800025c                OTG_HS_EP1_OUT_IRQHandler
                0x0800025c                WWDG_IRQHandler
                0x0800025c                TIM2_IRQHandler
                0x0800025c                OTG_FS_WKUP_IRQHandler
                0x0800025c                TIM1_TRG_COM_TIM11_IRQHandler
                0x0800025c                OTG_HS_IRQHandler
                0x0800025c                EXTI1_IRQHandler
                0x0800025c                USART2_IRQHandler
                0x0800025c                I2C2_ER_IRQHandler
                0x0800025c                DMA2_Stream1_IRQHandler
                0x0800025c                CAN1_SCE_IRQHandler
                0x0800025c                FLASH_IRQHandler
                0x0800025c                DMA2_Stream4_IRQHandler
                0x0800025c                BusFault_Handler
                0x0800025c                USART1_IRQHandler
                0x0800025c                OTG_FS_IRQHandler
                0x0800025c                SPI3_IRQHandler
                0x0800025c                DMA1_Stream4_IRQHandler
                0x0800025c                I2C1_ER_IRQHandler
                0x0800025c                DMA2_Stream6_IRQHandler
                0x0800025c                DMA1_Stream3_IRQHandler
 .text          0x08000264      0x27c system.o
                0x080002fc                SysTick_Handler
                0x08000318                sleep
                0x08000348                port_config
                0x080003d8                clock_config
 .text          0x080004e0      0x214 can.o
                0x080004e0                can_config
                0x080005d8                can_send_pack
                0x08000664                can_read_pack
 .text          0x080006f4      0x3c8 mku.o
                0x080006f4                mku_send_pack
                0x08000718                mku_send_status
                0x08000768                mku_send_AB1
                0x08000800                mku_send_AB2
                0x08000868                mku_send_AB3
                0x080008cc                mku_send_AB4
                0x08000930                mku_send_AB5
                0x08000a1c                mku_rec_pack
 .text          0x08000abc       0x7c swo.o
                0x08000abc                SWO_PrintChar
                0x08000b10                SWO_PrintString
 *(.text*)
 *(.rodata)
 *(.rodata*)
                0x08000b38                . = ALIGN (0x4)
                0x08000b38                _data_flash = .

.glue_7         0x08000b38        0x0
 .glue_7        0x08000b38        0x0 linker stubs

.glue_7t        0x08000b38        0x0
 .glue_7t       0x08000b38        0x0 linker stubs

.vfp11_veneer   0x08000b38        0x0
 .vfp11_veneer  0x08000b38        0x0 linker stubs

.v4_bx          0x08000b38        0x0
 .v4_bx         0x08000b38        0x0 linker stubs

.iplt           0x08000b38        0x0
 .iplt          0x08000b38        0x0 main.o

.rel.dyn        0x08000b38        0x0
 .rel.iplt      0x08000b38        0x0 main.o

.data           0x20000000        0x0 load address 0x08000b38
                0x20000000                . = ALIGN (0x4)
                0x20000000                _data_begin = .
 *(.data)
 .data          0x20000000        0x0 main.o
 .data          0x20000000        0x0 startup.o
 .data          0x20000000        0x0 system.o
 .data          0x20000000        0x0 can.o
 .data          0x20000000        0x0 mku.o
 .data          0x20000000        0x0 swo.o
 *(.data*)
                0x20000000                . = ALIGN (0x4)
                0x20000000                _data_end = .

.igot.plt       0x20000000        0x0 load address 0x08000b38
 .igot.plt      0x20000000        0x0 main.o

.bss            0x20000000       0x14 load address 0x08000b38
                0x20000000                . = ALIGN (0x4)
                0x20000000                _bss_begin = .
                0x20000000                __bss_start__ = _bss_begin
 *(.bss)
 .bss           0x20000000        0x0 main.o
 .bss           0x20000000        0x0 startup.o
 .bss           0x20000000        0x4 system.o
                0x20000000                system_time
 .bss           0x20000004        0x0 can.o
 .bss           0x20000004       0x10 mku.o
                0x20000004                rec_pack
 .bss           0x20000014        0x0 swo.o
 *(.bss*)
 *(COMMON)
                0x20000014                . = ALIGN (0x4)
                0x20000014                _bss_end = .
                0x20000014                __bss_end__ = _bss_end
                0x00000400                _stack_size = 0x400
                0x20020000                _stack_end = (ORIGIN (RAM) + LENGTH (RAM))
                0x2001fc00                _stack_begin = (_stack_end - _stack_size)
                0x2001fc00                . = _stack_begin

._stack         0x20000014      0x400 load address 0x08000b4c
                0x20000414                . = (. + _stack_size)
 *fill*         0x20000014      0x400 
LOAD main.o
LOAD startup.o
LOAD system.o
LOAD can.o
LOAD mku.o
LOAD swo.o
OUTPUT(blink.elf elf32-littlearm)

.debug_info     0x00000000     0x19c6
 .debug_info    0x00000000      0x1b5 main.o
 .debug_info    0x000001b5       0xf1 startup.o
 .debug_info    0x000002a6      0x9ff system.o
 .debug_info    0x00000ca5      0x5f8 can.o
 .debug_info    0x0000129d      0x6ad mku.o
 .debug_info    0x0000194a       0x7c swo.o

.debug_abbrev   0x00000000      0x69b
 .debug_abbrev  0x00000000       0xd1 main.o
 .debug_abbrev  0x000000d1       0xab startup.o
 .debug_abbrev  0x0000017c      0x1e3 system.o
 .debug_abbrev  0x0000035f      0x14f can.o
 .debug_abbrev  0x000004ae      0x17b mku.o
 .debug_abbrev  0x00000629       0x72 swo.o

.debug_aranges  0x00000000       0xc0
 .debug_aranges
                0x00000000       0x20 main.o
 .debug_aranges
                0x00000020       0x20 startup.o
 .debug_aranges
                0x00000040       0x20 system.o
 .debug_aranges
                0x00000060       0x20 can.o
 .debug_aranges
                0x00000080       0x20 mku.o
 .debug_aranges
                0x000000a0       0x20 swo.o

.debug_line     0x00000000      0x58d
 .debug_line    0x00000000       0xfe main.o
 .debug_line    0x000000fe       0x51 startup.o
 .debug_line    0x0000014f      0x16c system.o
 .debug_line    0x000002bb      0x14b can.o
 .debug_line    0x00000406      0x13b mku.o
 .debug_line    0x00000541       0x4c swo.o

.debug_str      0x00000000      0xd5c
 .debug_str     0x00000000      0x179 main.o
                                0x1ba (size before relaxing)
 .debug_str     0x00000179       0x93 startup.o
                                0x165 (size before relaxing)
 .debug_str     0x0000020c      0x76e system.o
                                0x921 (size before relaxing)
 .debug_str     0x0000097a       0xe7 can.o
                                0x380 (size before relaxing)
 .debug_str     0x00000a61      0x2d7 mku.o
                                0x467 (size before relaxing)
 .debug_str     0x00000d38       0x24 swo.o
                                 0xe0 (size before relaxing)

.comment        0x00000000       0x6e
 .comment       0x00000000       0x6e main.o
                                 0x6f (size before relaxing)
 .comment       0x0000006e       0x6f startup.o
 .comment       0x0000006e       0x6f system.o
 .comment       0x0000006e       0x6f can.o
 .comment       0x0000006e       0x6f mku.o
 .comment       0x0000006e       0x6f swo.o

.ARM.attributes
                0x00000000       0x33
 .ARM.attributes
                0x00000000       0x33 main.o
 .ARM.attributes
                0x00000033       0x33 startup.o
 .ARM.attributes
                0x00000066       0x33 system.o
 .ARM.attributes
                0x00000099       0x33 can.o
 .ARM.attributes
                0x000000cc       0x33 mku.o
 .ARM.attributes
                0x000000ff       0x33 swo.o

.debug_frame    0x00000000      0x368
 .debug_frame   0x00000000       0x30 main.o
 .debug_frame   0x00000030       0x4c startup.o
 .debug_frame   0x0000007c       0xe0 system.o
 .debug_frame   0x0000015c       0x80 can.o
 .debug_frame   0x000001dc      0x130 mku.o
 .debug_frame   0x0000030c       0x5c swo.o
