
Memory Configuration

Name             Origin             Length             Attributes
RAM              0x20000000         0x00020000         xrw
FLASH            0x08000000         0x00100000         xr
*default*        0x00000000         0xffffffff

Linker script and memory map


.text           0x20000000      0xdbb
                0x20000000                . = ALIGN (0x4)
 *(.startup_sec)
 .startup_sec   0x20000000       0x34 startup.o
                0x20000000                startup
 *(.text)
 .text          0x20000034       0x58 main.o
                0x20000034                main
 .text          0x2000008c      0x2c4 system.o
                0x20000124                SysTick_Handler_RAM
                0x20000140                set_ram_vt
                0x200001ac                sleep
                0x200001dc                port_config
                0x20000248                clock_config
 .text          0x20000350      0x76c xprintf.o
                0x20000350                xputc
                0x200003a0                xputs
                0x200003c8                xfputs
                0x20000700                xprintf
                0x20000724                xsprintf
                0x20000764                xfprintf
                0x200007a0                put_dump
                0x20000894                xgets
                0x20000934                xfgets
                0x2000096c                xatoi
 .text          0x20000abc        0x0 startup.o
 .text          0x20000abc      0x2d8 uart.o
                0x20000aec                USART2_Handler_RAM
                0x20000b84                uart_config
                0x20000bc4                uart_putch
                0x20000c0c                uart_send
                0x20000c88                uart_send_str
                0x20000d1c                uart_read
 *(.text*)
 *(.rodata)
 .rodata        0x20000d94        0x8 main.o
 .rodata        0x20000d9c       0x1f xprintf.o
 *(.rodata*)

.glue_7         0x20000dbc        0x0
 .glue_7        0x20000dbc        0x0 linker stubs

.glue_7t        0x20000dbc        0x0
 .glue_7t       0x20000dbc        0x0 linker stubs

.vfp11_veneer   0x20000dbc        0x0
 .vfp11_veneer  0x20000dbc        0x0 linker stubs

.v4_bx          0x20000dbc        0x0
 .v4_bx         0x20000dbc        0x0 linker stubs

.iplt           0x20000dbc        0x0
 .iplt          0x20000dbc        0x0 main.o

.rel.dyn        0x20000dbc        0x0
 .rel.iplt      0x20000dbc        0x0 main.o

.data           0x20000dbb        0x1
                0x20000dbc                . = ALIGN (0x4)
 *fill*         0x20000dbb        0x1 
 *(.data)
 .data          0x20000dbc        0x0 main.o
 .data          0x20000dbc        0x0 system.o
 .data          0x20000dbc        0x0 xprintf.o
 .data          0x20000dbc        0x0 startup.o
 .data          0x20000dbc        0x0 uart.o
 *(.data*)

.igot.plt       0x20000dbc        0x0
 .igot.plt      0x20000dbc        0x0 main.o

.bss            0x20000e00      0x9a8
                0x20000e00                . = ALIGN (0x4)
                0x20000e00                _bss_begin = .
 *(.bss)
 .bss           0x20000e00        0x0 main.o
 .bss           0x20000e00      0x18c system.o
                0x20000e00                table_interrupt_vector_RAM
                0x20000f88                system_time
 .bss           0x20000f8c        0xc xprintf.o
                0x20000f8c                xfunc_out
                0x20000f94                xfunc_in
 .bss           0x20000f98        0x0 startup.o
 .bss           0x20000f98      0x810 uart.o
                0x20000f98                tx_buf
                0x20001398                tx_idx
                0x2000139c                tx_wr_idx
                0x200013a0                rx_buf
                0x200017a0                rx_idx
                0x200017a4                rx_rd_idx
 *(.bss*)
                0x200017a8                _bss_end = .
                0x00000400                _stack_size = 0x400
                0x20020000                _stack_end = (ORIGIN (RAM) + LENGTH (RAM))
                0x2001fc00                _stack_begin = (_stack_end - _stack_size)
                0x2001fc00                . = _stack_begin

._stack         0x200017a8      0x400
                0x20001ba8                . = (. + _stack_size)
 *fill*         0x200017a8      0x400 
LOAD main.o
LOAD system.o
LOAD xprintf.o
LOAD startup.o
LOAD uart.o
OUTPUT(blink.elf elf32-littlearm)

.debug_info     0x00000000     0x196d
 .debug_info    0x00000000      0x125 main.o
 .debug_info    0x00000125      0xa81 system.o
 .debug_info    0x00000ba6      0x4c9 xprintf.o
 .debug_info    0x0000106f       0x78 startup.o
 .debug_info    0x000010e7      0x886 uart.o

.debug_abbrev   0x00000000      0x6ab
 .debug_abbrev  0x00000000       0xdb main.o
 .debug_abbrev  0x000000db      0x21a system.o
 .debug_abbrev  0x000002f5      0x194 xprintf.o
 .debug_abbrev  0x00000489       0x6f startup.o
 .debug_abbrev  0x000004f8      0x1b3 uart.o

.debug_aranges  0x00000000       0xa0
 .debug_aranges
                0x00000000       0x20 main.o
 .debug_aranges
                0x00000020       0x20 system.o
 .debug_aranges
                0x00000040       0x20 xprintf.o
 .debug_aranges
                0x00000060       0x20 startup.o
 .debug_aranges
                0x00000080       0x20 uart.o

.debug_line     0x00000000      0x6fa
 .debug_line    0x00000000       0xe9 main.o
 .debug_line    0x000000e9      0x18e system.o
 .debug_line    0x00000277      0x2e5 xprintf.o
 .debug_line    0x0000055c       0x40 startup.o
 .debug_line    0x0000059c      0x15e uart.o

.debug_str      0x00000000      0xa96
 .debug_str     0x00000000      0x136 main.o
                                0x177 (size before relaxing)
 .debug_str     0x00000136      0x7e3 system.o
                                0x94e (size before relaxing)
 .debug_str     0x00000919       0x9f xprintf.o
                                0x1bc (size before relaxing)
 .debug_str     0x000009b8       0x39 startup.o
                                 0xff (size before relaxing)
 .debug_str     0x000009f1       0xa5 uart.o
                                0x878 (size before relaxing)

.comment        0x00000000       0x6e
 .comment       0x00000000       0x6e main.o
                                 0x6f (size before relaxing)
 .comment       0x0000006e       0x6f system.o
 .comment       0x0000006e       0x6f xprintf.o
 .comment       0x0000006e       0x6f startup.o
 .comment       0x0000006e       0x6f uart.o

.ARM.attributes
                0x00000000       0x33
 .ARM.attributes
                0x00000000       0x33 main.o
 .ARM.attributes
                0x00000033       0x33 system.o
 .ARM.attributes
                0x00000066       0x33 xprintf.o
 .ARM.attributes
                0x00000099       0x33 startup.o
 .ARM.attributes
                0x000000cc       0x33 uart.o

.debug_frame    0x00000000      0x464
 .debug_frame   0x00000000       0x30 main.o
 .debug_frame   0x00000030      0x108 system.o
 .debug_frame   0x00000138      0x1e4 xprintf.o
 .debug_frame   0x0000031c       0x34 startup.o
 .debug_frame   0x00000350      0x114 uart.o

.debug_ranges   0x00000000       0x10
 .debug_ranges  0x00000000       0x10 startup.o
