
Memory Configuration

Name             Origin             Length             Attributes
RAM              0x20000000         0x00020000         xrw
FLASH            0x08000000         0x00100000         xr
*default*        0x00000000         0xffffffff

Linker script and memory map


.text           0x20000000       0x64
                0x20000000                . = ALIGN (0x4)
 *(.text)
 .text          0x20000000       0x64 main.o
                0x20000000                main

.glue_7         0x20000064        0x0
 .glue_7        0x20000064        0x0 linker stubs

.glue_7t        0x20000064        0x0
 .glue_7t       0x20000064        0x0 linker stubs

.vfp11_veneer   0x20000064        0x0
 .vfp11_veneer  0x20000064        0x0 linker stubs

.v4_bx          0x20000064        0x0
 .v4_bx         0x20000064        0x0 linker stubs

.iplt           0x20000064        0x0
 .iplt          0x20000064        0x0 main.o

.rel.dyn        0x20000064        0x0
 .rel.iplt      0x20000064        0x0 main.o

.data           0x20000064        0x0
                0x20000064                . = ALIGN (0x4)
 *(.data)
 .data          0x20000064        0x0 main.o

.igot.plt       0x20000064        0x0
 .igot.plt      0x20000064        0x0 main.o

.bss            0x20000064        0x4
                0x20000064                . = ALIGN (0x4)
 *(.bss)
 .bss           0x20000064        0x4 main.o
                0x20000064                counter
                0x00000400                _stack_size = 0x400
                0x20020000                _stack_end = (ORIGIN (RAM) + LENGTH (RAM))
                0x2001fc00                _stack_begin = (_stack_end - _stack_size)
                0x2001fc00                . = _stack_begin

._stack         0x20000068      0x400
                0x20000468                . = (. + _stack_size)
 *fill*         0x20000068      0x400 
LOAD main.o
OUTPUT(blink.elf elf32-littlearm)

.debug_info     0x00000000      0x366
 .debug_info    0x00000000      0x366 main.o

.debug_abbrev   0x00000000       0xc2
 .debug_abbrev  0x00000000       0xc2 main.o

.debug_aranges  0x00000000       0x20
 .debug_aranges
                0x00000000       0x20 main.o

.debug_line     0x00000000       0xf7
 .debug_line    0x00000000       0xf7 main.o

.debug_str      0x00000000      0x296
 .debug_str     0x00000000      0x296 main.o
                                0x2d7 (size before relaxing)

.comment        0x00000000       0x6e
 .comment       0x00000000       0x6e main.o
                                 0x6f (size before relaxing)

.ARM.attributes
                0x00000000       0x33
 .ARM.attributes
                0x00000000       0x33 main.o

.debug_frame    0x00000000       0x28
 .debug_frame   0x00000000       0x28 main.o
