
Memory Configuration

Name             Origin             Length             Attributes
RAM              0x20000000         0x00020000         xrw
FLASH            0x08000000         0x00100000         xr
*default*        0x00000000         0xffffffff

Linker script and memory map


.text           0x20000000      0xbab
                0x20000000                . = ALIGN (0x4)
 *(.startup_sec)
 .startup_sec   0x20000000       0x34 startup.o
                0x20000000                startup
 *(.text)
 .text          0x20000034       0x50 main.o
                0x20000034                main
 .text          0x20000084      0x388 system.o
                0x2000014c                SysTick_Handler_RAM
                0x20000168                USART2_Handler_RAM
                0x2000018c                set_ram_vt
                0x200001f8                sleep
                0x20000228                port_config
                0x20000294                clock_config
                0x2000039c                uart_config
                0x200003dc                uart_putch
 .text          0x2000040c      0x76c xprintf.o
                0x2000040c                xputc
                0x2000045c                xputs
                0x20000484                xfputs
                0x200007bc                xprintf
                0x200007e0                xsprintf
                0x20000820                xfprintf
                0x2000085c                put_dump
                0x20000950                xgets
                0x200009f0                xfgets
                0x20000a28                xatoi
 .text          0x20000b78        0x0 startup.o
 *(.text*)
 *(.rodata)
 .rodata        0x20000b78       0x13 main.o
 *fill*         0x20000b8b        0x1 
 .rodata        0x20000b8c       0x1f xprintf.o
 *(.rodata*)

.glue_7         0x20000bac        0x0
 .glue_7        0x20000bac        0x0 linker stubs

.glue_7t        0x20000bac        0x0
 .glue_7t       0x20000bac        0x0 linker stubs

.vfp11_veneer   0x20000bac        0x0
 .vfp11_veneer  0x20000bac        0x0 linker stubs

.v4_bx          0x20000bac        0x0
 .v4_bx         0x20000bac        0x0 linker stubs

.iplt           0x20000bac        0x0
 .iplt          0x20000bac        0x0 main.o

.rel.dyn        0x20000bac        0x0
 .rel.iplt      0x20000bac        0x0 main.o

.data           0x20000bab        0x1
                0x20000bac                . = ALIGN (0x4)
 *fill*         0x20000bab        0x1 
 *(.data)
 .data          0x20000bac        0x0 main.o
 .data          0x20000bac        0x0 system.o
 .data          0x20000bac        0x0 xprintf.o
 .data          0x20000bac        0x0 startup.o
 *(.data*)

.igot.plt       0x20000bac        0x0
 .igot.plt      0x20000bac        0x0 main.o

.bss            0x20000c00      0x198
                0x20000c00                . = ALIGN (0x4)
                0x20000c00                _bss_begin = .
 *(.bss)
 .bss           0x20000c00        0x0 main.o
 .bss           0x20000c00      0x18c system.o
                0x20000c00                table_interrupt_vector_RAM
                0x20000d88                system_time
 .bss           0x20000d8c        0xc xprintf.o
                0x20000d8c                xfunc_out
                0x20000d94                xfunc_in
 .bss           0x20000d98        0x0 startup.o
 *(.bss*)
                0x20000d98                _bss_end = .
                0x00000400                _stack_size = 0x400
                0x20020000                _stack_end = (ORIGIN (RAM) + LENGTH (RAM))
                0x2001fc00                _stack_begin = (_stack_end - _stack_size)
                0x2001fc00                . = _stack_begin

._stack         0x20000d98      0x400
                0x20001198                . = (. + _stack_size)
 *fill*         0x20000d98      0x400 
LOAD main.o
LOAD system.o
LOAD xprintf.o
LOAD startup.o
OUTPUT(blink.elf elf32-littlearm)

.debug_info     0x00000000     0x11e1
 .debug_info    0x00000000       0xd1 main.o
 .debug_info    0x000000d1      0xbcf system.o
 .debug_info    0x00000ca0      0x4c9 xprintf.o
 .debug_info    0x00001169       0x78 startup.o

.debug_abbrev   0x00000000      0x4bf
 .debug_abbrev  0x00000000       0xa2 main.o
 .debug_abbrev  0x000000a2      0x21a system.o
 .debug_abbrev  0x000002bc      0x194 xprintf.o
 .debug_abbrev  0x00000450       0x6f startup.o

.debug_aranges  0x00000000       0x80
 .debug_aranges
                0x00000000       0x20 main.o
 .debug_aranges
                0x00000020       0x20 system.o
 .debug_aranges
                0x00000040       0x20 xprintf.o
 .debug_aranges
                0x00000060       0x20 startup.o

.debug_line     0x00000000      0x5a5
 .debug_line    0x00000000       0xd7 main.o
 .debug_line    0x000000d7      0x1a9 system.o
 .debug_line    0x00000280      0x2e5 xprintf.o
 .debug_line    0x00000565       0x40 startup.o

.debug_str      0x00000000      0xa3d
 .debug_str     0x00000000      0x130 main.o
                                0x16c (size before relaxing)
 .debug_str     0x00000130      0x835 system.o
                                0x99f (size before relaxing)
 .debug_str     0x00000965       0x9f xprintf.o
                                0x1bc (size before relaxing)
 .debug_str     0x00000a04       0x39 startup.o
                                 0xff (size before relaxing)

.comment        0x00000000       0x6e
 .comment       0x00000000       0x6e main.o
                                 0x6f (size before relaxing)
 .comment       0x0000006e       0x6f system.o
 .comment       0x0000006e       0x6f xprintf.o
 .comment       0x0000006e       0x6f startup.o

.ARM.attributes
                0x00000000       0x33
 .ARM.attributes
                0x00000000       0x33 main.o
 .ARM.attributes
                0x00000033       0x33 system.o
 .ARM.attributes
                0x00000066       0x33 xprintf.o
 .ARM.attributes
                0x00000099       0x33 startup.o

.debug_frame    0x00000000      0x3e4
 .debug_frame   0x00000000       0x30 main.o
 .debug_frame   0x00000030      0x19c system.o
 .debug_frame   0x000001cc      0x1e4 xprintf.o
 .debug_frame   0x000003b0       0x34 startup.o

.debug_ranges   0x00000000       0x10
 .debug_ranges  0x00000000       0x10 startup.o
