
Memory Configuration

Name             Origin             Length             Attributes
RAM              0x20000000         0x00020000         xrw
FLASH            0x08000000         0x00100000         xr
*default*        0x00000000         0xffffffff

Linker script and memory map


.text           0x20000000      0x370
                0x20000000                . = ALIGN (0x4)
 *(.main_sec)
 .main_sec      0x20000000       0x18 main.o
                0x20000000                main
 *(.text)
 .text          0x20000018        0x0 main.o
 .text          0x20000018      0x358 system.o
                0x200000e0                SysTick_Handler_RAM
                0x200000fc                USART2_Handler_RAM
                0x20000120                set_ram_vt
                0x2000018c                sleep
                0x200001bc                port_config
                0x20000228                clock_config
                0x20000330                uart_config
 *(.text*)
 *(.rodata)
 *(.rodata*)

.glue_7         0x20000370        0x0
 .glue_7        0x20000370        0x0 linker stubs

.glue_7t        0x20000370        0x0
 .glue_7t       0x20000370        0x0 linker stubs

.vfp11_veneer   0x20000370        0x0
 .vfp11_veneer  0x20000370        0x0 linker stubs

.v4_bx          0x20000370        0x0
 .v4_bx         0x20000370        0x0 linker stubs

.iplt           0x20000370        0x0
 .iplt          0x20000370        0x0 main.o

.rel.dyn        0x20000370        0x0
 .rel.iplt      0x20000370        0x0 main.o

.data           0x20000370        0x0
                0x20000370                . = ALIGN (0x4)
 *(.data)
 .data          0x20000370        0x0 main.o
 .data          0x20000370        0x0 system.o
 *(.data*)

.igot.plt       0x20000370        0x0
 .igot.plt      0x20000370        0x0 main.o

.bss            0x20000400      0x18c
                0x20000400                . = ALIGN (0x4)
 *(.bss)
 .bss           0x20000400        0x0 main.o
 .bss           0x20000400      0x18c system.o
                0x20000400                table_interrupt_vector_RAM
                0x20000588                system_time
 *(.bss*)
                0x00000400                _stack_size = 0x400
                0x20020000                _stack_end = (ORIGIN (RAM) + LENGTH (RAM))
                0x2001fc00                _stack_begin = (_stack_end - _stack_size)
                0x2001fc00                . = _stack_begin

._stack         0x2000058c      0x400
                0x2000098c                . = (. + _stack_size)
 *fill*         0x2000058c      0x400 
LOAD main.o
LOAD system.o
OUTPUT(blink.elf elf32-littlearm)

.debug_info     0x00000000      0xc6e
 .debug_info    0x00000000       0xc1 main.o
 .debug_info    0x000000c1      0xbad system.o

.debug_abbrev   0x00000000      0x2a1
 .debug_abbrev  0x00000000       0x87 main.o
 .debug_abbrev  0x00000087      0x21a system.o

.debug_aranges  0x00000000       0x40
 .debug_aranges
                0x00000000       0x20 main.o
 .debug_aranges
                0x00000020       0x20 system.o

.debug_ranges   0x00000000       0x10
 .debug_ranges  0x00000000       0x10 main.o

.debug_line     0x00000000      0x27c
 .debug_line    0x00000000       0xde main.o
 .debug_line    0x000000de      0x19e system.o

.debug_str      0x00000000      0x94f
 .debug_str     0x00000000      0x12b main.o
                                0x167 (size before relaxing)
 .debug_str     0x0000012b      0x824 system.o
                                0x993 (size before relaxing)

.comment        0x00000000       0x6e
 .comment       0x00000000       0x6e main.o
                                 0x6f (size before relaxing)
 .comment       0x0000006e       0x6f system.o

.ARM.attributes
                0x00000000       0x33
 .ARM.attributes
                0x00000000       0x33 main.o
 .ARM.attributes
                0x00000033       0x33 system.o

.debug_frame    0x00000000      0x1a0
 .debug_frame   0x00000000       0x2c main.o
 .debug_frame   0x0000002c      0x174 system.o
