
Memory Configuration

Name             Origin             Length             Attributes
RAM              0x20000000         0x00020000         xrw
FLASH            0x08000000         0x00100000         xr
*default*        0x00000000         0xffffffff

Linker script and memory map


.text           0x20000000      0xe93
                0x20000000                . = ALIGN (0x4)
 *(.startup_sec)
 .startup_sec   0x20000000       0x34 startup.o
                0x20000000                startup
 *(.text)
 .text          0x20000034       0x50 main.o
                0x20000034                main
 .text          0x20000084      0x2c4 system.o
                0x2000011c                SysTick_Handler_RAM
                0x20000138                set_ram_vt
                0x200001a4                sleep
                0x200001d4                port_config
                0x20000240                clock_config
 .text          0x20000348      0x76c xprintf.o
                0x20000348                xputc
                0x20000398                xputs
                0x200003c0                xfputs
                0x200006f8                xprintf
                0x2000071c                xsprintf
                0x2000075c                xfprintf
                0x20000798                put_dump
                0x2000088c                xgets
                0x2000092c                xfgets
                0x20000964                xatoi
 .text          0x20000ab4        0x0 startup.o
 .text          0x20000ab4      0x3b4 uart.o
                0x20000ae4                USART2_Handler_RAM
                0x20000b7c                uart_config
                0x20000c78                uart_putch
                0x20000cc0                uart_send
                0x20000d48                uart_send_str
                0x20000ddc                uart_read
 *(.text*)
 *(.rodata)
 .rodata        0x20000e68        0xc main.o
 .rodata        0x20000e74       0x1f xprintf.o
 *(.rodata*)

.glue_7         0x20000e94        0x0
 .glue_7        0x20000e94        0x0 linker stubs

.glue_7t        0x20000e94        0x0
 .glue_7t       0x20000e94        0x0 linker stubs

.vfp11_veneer   0x20000e94        0x0
 .vfp11_veneer  0x20000e94        0x0 linker stubs

.v4_bx          0x20000e94        0x0
 .v4_bx         0x20000e94        0x0 linker stubs

.iplt           0x20000e94        0x0
 .iplt          0x20000e94        0x0 main.o

.rel.dyn        0x20000e94        0x0
 .rel.iplt      0x20000e94        0x0 main.o

.data           0x20000e93        0x1
                0x20000e94                . = ALIGN (0x4)
 *fill*         0x20000e93        0x1 
 *(.data)
 .data          0x20000e94        0x0 main.o
 .data          0x20000e94        0x0 system.o
 .data          0x20000e94        0x0 xprintf.o
 .data          0x20000e94        0x0 startup.o
 .data          0x20000e94        0x0 uart.o
 *(.data*)

.igot.plt       0x20000e94        0x0
 .igot.plt      0x20000e94        0x0 main.o

.bss            0x20000f00      0x1e8
                0x20000f00                . = ALIGN (0x4)
                0x20000f00                _bss_begin = .
 *(.bss)
 .bss           0x20000f00        0x0 main.o
 .bss           0x20000f00      0x18c system.o
                0x20000f00                table_interrupt_vector_RAM
                0x20001088                system_time
 .bss           0x2000108c        0xc xprintf.o
                0x2000108c                xfunc_out
                0x20001094                xfunc_in
 .bss           0x20001098        0x0 startup.o
 .bss           0x20001098       0x50 uart.o
                0x20001098                tx_buf
                0x200010b8                tx_idx
                0x200010bc                tx_wr_idx
                0x200010c0                rx_buf
                0x200010e0                rx_idx
                0x200010e4                rx_rd_idx
 *(.bss*)
                0x200010e8                _bss_end = .
                0x00000400                _stack_size = 0x400
                0x20020000                _stack_end = (ORIGIN (RAM) + LENGTH (RAM))
                0x2001fc00                _stack_begin = (_stack_end - _stack_size)
                0x2001fc00                . = _stack_begin

._stack         0x200010e8      0x400
                0x200014e8                . = (. + _stack_size)
 *fill*         0x200010e8      0x400 
LOAD main.o
LOAD system.o
LOAD xprintf.o
LOAD startup.o
LOAD uart.o
OUTPUT(blink.elf elf32-littlearm)

.debug_info     0x00000000     0x1a0b
 .debug_info    0x00000000       0xf6 main.o
 .debug_info    0x000000f6      0xa81 system.o
 .debug_info    0x00000b77      0x4c9 xprintf.o
 .debug_info    0x00001040       0x78 startup.o
 .debug_info    0x000010b8      0x953 uart.o

.debug_abbrev   0x00000000      0x684
 .debug_abbrev  0x00000000       0xb4 main.o
 .debug_abbrev  0x000000b4      0x21a system.o
 .debug_abbrev  0x000002ce      0x194 xprintf.o
 .debug_abbrev  0x00000462       0x6f startup.o
 .debug_abbrev  0x000004d1      0x1b3 uart.o

.debug_aranges  0x00000000       0xa0
 .debug_aranges
                0x00000000       0x20 main.o
 .debug_aranges
                0x00000020       0x20 system.o
 .debug_aranges
                0x00000040       0x20 xprintf.o
 .debug_aranges
                0x00000060       0x20 startup.o
 .debug_aranges
                0x00000080       0x20 uart.o

.debug_line     0x00000000      0x714
 .debug_line    0x00000000       0xcf main.o
 .debug_line    0x000000cf      0x18e system.o
 .debug_line    0x0000025d      0x2e5 xprintf.o
 .debug_line    0x00000542       0x40 startup.o
 .debug_line    0x00000582      0x192 uart.o

.debug_str      0x00000000      0xb01
 .debug_str     0x00000000      0x133 main.o
                                0x174 (size before relaxing)
 .debug_str     0x00000133      0x7e9 system.o
                                0x951 (size before relaxing)
 .debug_str     0x0000091c       0xc3 xprintf.o
                                0x1bc (size before relaxing)
 .debug_str     0x000009df       0x39 startup.o
                                 0xff (size before relaxing)
 .debug_str     0x00000a18       0xe9 uart.o
                                0x8bf (size before relaxing)

.comment        0x00000000       0x6e
 .comment       0x00000000       0x6e main.o
                                 0x6f (size before relaxing)
 .comment       0x0000006e       0x6f system.o
 .comment       0x0000006e       0x6f xprintf.o
 .comment       0x0000006e       0x6f startup.o
 .comment       0x0000006e       0x6f uart.o

.ARM.attributes
                0x00000000       0x33
 .ARM.attributes
                0x00000000       0x33 main.o
 .ARM.attributes
                0x00000033       0x33 system.o
 .ARM.attributes
                0x00000066       0x33 xprintf.o
 .ARM.attributes
                0x00000099       0x33 startup.o
 .ARM.attributes
                0x000000cc       0x33 uart.o

.debug_frame    0x00000000      0x464
 .debug_frame   0x00000000       0x30 main.o
 .debug_frame   0x00000030      0x108 system.o
 .debug_frame   0x00000138      0x1e4 xprintf.o
 .debug_frame   0x0000031c       0x34 startup.o
 .debug_frame   0x00000350      0x114 uart.o

.debug_ranges   0x00000000       0x10
 .debug_ranges  0x00000000       0x10 startup.o
