
Memory Configuration

Name             Origin             Length             Attributes
RAM              0x20000000         0x00020000         xrw
FLASH            0x08000000         0x00100000         xr
*default*        0x00000000         0xffffffff

Linker script and memory map


.text           0x20000000      0xff7
                0x20000000                . = ALIGN (0x4)
 *(.startup_sec)
 .startup_sec   0x20000000       0x34 startup.o
                0x20000000                startup
 *(.text)
 .text          0x20000034      0x180 main.o
                0x200000ac                usb_update
                0x20000168                main
 .text          0x200001b4      0x3a0 system.o
                0x2000024c                SysTick_Handler_RAM
                0x20000268                set_ram_vt
                0x200002d4                sleep
                0x20000304                port_config
                0x200003a4                clock_config
                0x200004b8                usb_config
 .text          0x20000554      0x76c xprintf.o
                0x20000554                xputc
                0x200005a4                xputs
                0x200005cc                xfputs
                0x20000904                xprintf
                0x20000928                xsprintf
                0x20000968                xfprintf
                0x200009a4                put_dump
                0x20000a98                xgets
                0x20000b38                xfgets
                0x20000b70                xatoi
 .text          0x20000cc0        0x0 startup.o
 .text          0x20000cc0      0x2bc uart.o
                0x20000cf0                USART2_Handler_RAM
                0x20000d7c                uart_config
                0x20000db8                uart_putch
                0x20000dfc                uart_send
                0x20000e74                uart_send_str
                0x20000f04                uart_read
 *(.text*)
 *(.rodata)
 .rodata        0x20000f7c       0x59 main.o
 *fill*         0x20000fd5        0x3 
 .rodata        0x20000fd8       0x1f xprintf.o
 *(.rodata*)

.glue_7         0x20000ff8        0x0
 .glue_7        0x20000ff8        0x0 linker stubs

.glue_7t        0x20000ff8        0x0
 .glue_7t       0x20000ff8        0x0 linker stubs

.vfp11_veneer   0x20000ff8        0x0
 .vfp11_veneer  0x20000ff8        0x0 linker stubs

.v4_bx          0x20000ff8        0x0
 .v4_bx         0x20000ff8        0x0 linker stubs

.iplt           0x20000ff8        0x0
 .iplt          0x20000ff8        0x0 main.o

.rel.dyn        0x20000ff8        0x0
 .rel.iplt      0x20000ff8        0x0 main.o

.data           0x20000ff7        0x1
                0x20000ff8                . = ALIGN (0x4)
 *fill*         0x20000ff7        0x1 
 *(.data)
 .data          0x20000ff8        0x0 main.o
 .data          0x20000ff8        0x0 system.o
 .data          0x20000ff8        0x0 xprintf.o
 .data          0x20000ff8        0x0 startup.o
 .data          0x20000ff8        0x0 uart.o
 *(.data*)

.igot.plt       0x20000ff8        0x0
 .igot.plt      0x20000ff8        0x0 main.o

.bss            0x20001000      0x9a8
                0x20001000                . = ALIGN (0x4)
                0x20001000                _bss_begin = .
 *(.bss)
 .bss           0x20001000        0x0 main.o
 .bss           0x20001000      0x18c system.o
                0x20001000                table_interrupt_vector_RAM
                0x20001188                system_time
 .bss           0x2000118c        0xc xprintf.o
                0x2000118c                xfunc_out
                0x20001194                xfunc_in
 .bss           0x20001198        0x0 startup.o
 .bss           0x20001198      0x810 uart.o
                0x20001198                tx_buf
                0x20001598                tx_idx
                0x2000159c                tx_wr_idx
                0x200015a0                rx_buf
                0x200019a0                rx_idx
                0x200019a4                rx_rd_idx
 *(.bss*)
                0x200019a8                _bss_end = .
                0x00000400                _stack_size = 0x400
                0x20020000                _stack_end = (ORIGIN (RAM) + LENGTH (RAM))
                0x2001fc00                _stack_begin = (_stack_end - _stack_size)
                0x2001fc00                . = _stack_begin

._stack         0x200019a8      0x400
                0x20001da8                . = (. + _stack_size)
 *fill*         0x200019a8      0x400 
LOAD main.o
LOAD system.o
LOAD xprintf.o
LOAD startup.o
LOAD uart.o
OUTPUT(blink.elf elf32-littlearm)

.debug_info     0x00000000     0x2041
 .debug_info    0x00000000      0x69c main.o
 .debug_info    0x0000069c      0xc88 system.o
 .debug_info    0x00001324      0x4c9 xprintf.o
 .debug_info    0x000017ed       0x78 startup.o
 .debug_info    0x00001865      0x7dc uart.o

.debug_abbrev   0x00000000      0x791
 .debug_abbrev  0x00000000      0x1c5 main.o
 .debug_abbrev  0x000001c5      0x218 system.o
 .debug_abbrev  0x000003dd      0x194 xprintf.o
 .debug_abbrev  0x00000571       0x6f startup.o
 .debug_abbrev  0x000005e0      0x1b1 uart.o

.debug_aranges  0x00000000       0xa0
 .debug_aranges
                0x00000000       0x20 main.o
 .debug_aranges
                0x00000020       0x20 system.o
 .debug_aranges
                0x00000040       0x20 xprintf.o
 .debug_aranges
                0x00000060       0x20 startup.o
 .debug_aranges
                0x00000080       0x20 uart.o

.debug_line     0x00000000      0x793
 .debug_line    0x00000000      0x16a main.o
 .debug_line    0x0000016a      0x1a4 system.o
 .debug_line    0x0000030e      0x2e5 xprintf.o
 .debug_line    0x000005f3       0x40 startup.o
 .debug_line    0x00000633      0x160 uart.o

.debug_str      0x00000000      0xca0
 .debug_str     0x00000000      0x3bb main.o
                                0x3fc (size before relaxing)
 .debug_str     0x000003bb      0x768 system.o
                                0xa88 (size before relaxing)
 .debug_str     0x00000b23       0x9f xprintf.o
                                0x1be (size before relaxing)
 .debug_str     0x00000bc2       0x39 startup.o
                                0x101 (size before relaxing)
 .debug_str     0x00000bfb       0xa5 uart.o
                                0x842 (size before relaxing)

.comment        0x00000000       0x6e
 .comment       0x00000000       0x6e main.o
                                 0x6f (size before relaxing)
 .comment       0x0000006e       0x6f system.o
 .comment       0x0000006e       0x6f xprintf.o
 .comment       0x0000006e       0x6f startup.o
 .comment       0x0000006e       0x6f uart.o

.ARM.attributes
                0x00000000       0x33
 .ARM.attributes
                0x00000000       0x33 main.o
 .ARM.attributes
                0x00000033       0x33 system.o
 .ARM.attributes
                0x00000066       0x33 xprintf.o
 .ARM.attributes
                0x00000099       0x33 startup.o
 .ARM.attributes
                0x000000cc       0x33 uart.o

.debug_frame    0x00000000      0x4ec
 .debug_frame   0x00000000       0x98 main.o
 .debug_frame   0x00000098      0x128 system.o
 .debug_frame   0x000001c0      0x1e4 xprintf.o
 .debug_frame   0x000003a4       0x34 startup.o
 .debug_frame   0x000003d8      0x114 uart.o

.debug_ranges   0x00000000       0x10
 .debug_ranges  0x00000000       0x10 startup.o
